# FlexQL Hardware Profile: Plugged In | Power Saver
Date: Sat Apr  4 01:37:51 PM IST 2026

=== RESULTS FOR 1000000 ROWS ===
Connected to FlexQL
Running SQL subset checks plus insertion benchmark...
Target insert rows: 1000000

[PASS] CREATE TABLE BIG_USERS (0 ms)

Starting insertion benchmark for 1000000 rows...
Progress: 100000/1000000
Progress: 200000/1000000
Progress: 300000/1000000
Progress: 400000/1000000
Progress: 500000/1000000
Progress: 600000/1000000
Progress: 700000/1000000
Progress: 800000/1000000
Progress: 900000/1000000
Progress: 1000000/1000000
[PASS] INSERT benchmark complete
Rows inserted: 1000000
Elapsed: 1736 ms
Throughput: 576036 rows/sec

=== RESULTS FOR 10000000 ROWS ===
Connected to FlexQL
Running SQL subset checks plus insertion benchmark...
Target insert rows: 10000000

[PASS] CREATE TABLE BIG_USERS (0 ms)

Starting insertion benchmark for 10000000 rows...
Progress: 1000000/10000000
Progress: 2000000/10000000
Progress: 3000000/10000000
Progress: 4000000/10000000
Progress: 5000000/10000000
Progress: 6000000/10000000
Progress: 7000000/10000000
Progress: 8000000/10000000
Progress: 9000000/10000000
Progress: 10000000/10000000
[PASS] INSERT benchmark complete
Rows inserted: 10000000
Elapsed: 21053 ms
Throughput: 474991 rows/sec

